dlyiytukjdgsfadv


Error report -
ORA-00933: SQL command not properly ended
00933. 00000 -  "SQL command not properly ended"
*Cause:    
*Action:
SQL> drop school;

Error starting at line : 1 in command -
drop school
Error report -
ORA-00950: invalid DROP option
00950. 00000 -  "invalid DROP option"
*Cause:    
*Action:
SQL> rollback school;

Rollback complete.

SQL> select* school;

Error starting at line : 1 in command -
select* school
Error at Command Line : 1 Column : 9
Error report -
SQL Error: ORA-00923: FROM keyword not found where expected
00923. 00000 -  "FROM keyword not found where expected"
*Cause:    


SQL> select* from  school;
     REGNO NAME                                MARKS EMAIL_ADDRESS        POSTCODE  
---------- ------------------------------ ---------- -------------------- ----------
        18 Fred                                   45 fred@gmail.com       NULL      
        19 Garry                                  60 garry@gmail.com      NULL      

SQL> connect system/oracle;                                                               Connected.
SQL> create user Dawood identified by da15;

User DAWOOD created.

SQL> SQL> grant create table, create view, create index to dawood;

Error starting at line : 1 in command -
SQL> grant create table, create view, create index to dawood
Error report -
Unknown Command


SQL> SQL> grant create table, create view, create index to dawood;

Error starting at line : 1 in command -
SQL> grant create table, create view, create index to dawood
Error report -
Unknown Command

SQL> connect hr
Password? (**********?) ******
Connected.
SQL> grant create table, create view, create index to Dawood;

Error starting at line : 1 in command -
grant create table, create view, create index to Dawood
Error report -
ORA-00990: missing or invalid privilege
00990. 00000 -  "missing or invalid privilege"
*Cause:    
*Action:
SQL> connnect hr

Error starting at line : 1 in command -
connnect hr
Error report -
Unknown Command

SQL> connect hr;
Password? (**********?) ******
Connected.
SQL> grant select, insert on school to dawood;

Grant succeeded.

SQL> select * from user_table;

Error starting at line : 1 in command -
select * from user_table
Error at Command Line : 1 Column : 15
Error report -
SQL Error: ORA-00942: table or view does not exist
00942. 00000 -  "table or view does not exist"
*Cause:    


SQL> select table_name from user_tables;
TABLE_NAME
--------------------------------------------------------------------------------------------------------------------------------
REGIONS
COUNTRIES
LOCATIONS
DEPARTMENTS
JOBS
EMPLOYEES
JOB_HISTORY
SCHOOL
ALDI
ASDA
CONSULTANTS
NATIONWIDE
SCHOOL2
PRODUCTS
MEMBERS
BOOK
BOOKISSUE
SCHOOLTEST
BANK
CATEGORY
SALES

TABLE_NAME
--------------------------------------------------------------------------------------------------------------------------------
SUBCATEGORY

22 rows selected. 

SQL> grant access insert on school2 to Garry;

Error starting at line : 1 in command -
grant access insert on school2 to Garry
Error report -
ORA-00990: missing or invalid privilege
00990. 00000 -  "missing or invalid privilege"
*Cause:    
*Action:
SQL> grant access insert on school2 to dawood;

Error starting at line : 1 in command -
grant access insert on school2 to dawood
Error report -
ORA-00990: missing or invalid privilege
00990. 00000 -  "missing or invalid privilege"
*Cause:    


SQL> grant select insert on school2 to dawood;
Error starting at line : 1 in command -
grant select insert on school2 to dawood
Error report -
ORA-00990: missing or invalid privilege
00990. 00000 -  "missing or invalid privilege"
*Cause:    


SQL> grant select insert on school2 to dawood;

Error starting at line : 1 in command -
grant select insert on school2 to dawood
Error report -
ORA-00990: missing or invalid privilege
00990. 00000 -  "missing or invalid privilege"
*Cause:    
*Action:
SQL> connect hr
Password? (**********?) ******
Connected.
SQL> grant select insert school2 to dawood;

Error starting at line : 1 in command -
grant select insert school2 to dawood
Error report -
ORA-00990: missing or invalid privilege
00990. 00000 -  "missing or invalid privilege"
*Cause:    


SQL> grant select insert on school2 to dawood;
Error starting at line : 1 in command -
grant select insert on school2 to dawood
Error report -
ORA-00990: missing or invalid privilege
00990. 00000 -  "missing or invalid privilege"
*Cause:    


SQL> grant select, insert on school2 to dawood;
Grant succeeded.


SQL> grant select, insert on school2 to garry;
Error starting at line : 1 in command -
grant select, insert on school2 to garry
Error report -
ORA-01917: user or role 'GARRY' does not exist
01917. 00000 -  "user or role '%s' does not exist"
*Cause:    There is not a user or role by that name.
*Action:   Re-specify the name.
SQL> grant select, insert on school2 to dawood;

Grant succeeded.

SQL> create role trainee;

Error starting at line : 1 in command -
create role trainee
Error report -
ORA-01031: insufficient privileges
01031. 00000 -  "insufficient privileges"
*Cause:    An attempt was made to perform a database operation without
           the necessary privileges.
*Action:   Ask your database administrator or designated security
           administrator to grant you the necessary privileges
SQL> grant select on school to dawood;

Grant succeeded.

SQL> grant select, insert on bank to dawood;

Grant succeeded.

SQL> grant select, view on bank to dawood;

Error starting at line : 1 in command -
grant select, view on bank to dawood
Error report -
ORA-00990: missing or invalid privilege
00990. 00000 -  "missing or invalid privilege"
*Cause:    


SQL> grant select, create view on bank to dawood;
Error starting at line : 1 in command -
grant select, create view on bank to dawood
Error report -
ORA-00990: missing or invalid privilege
00990. 00000 -  "missing or invalid privilege"
*Cause:    


SQL> commit;
Commit complete.

SQL> select first_name, department_name, location from employees, departments where employees, departmen_id=departments, department id;

Error starting at line : 1 in command -
select first_name, department_name, location from employees, departments where employees, departmen_id=departments, department id
Error at Command Line : 1 Column : 89
Error report -
SQL Error: ORA-00920: invalid relational operator
00920. 00000 -  "invalid relational operator"
*Cause:    






SQL> select first_name, department_name, location from employees, departments where employees, departmen_id = departments, department id;
Error starting at line : 1 in command -
select first_name, department_name, location from employees, departments where employees, departmen_id = departments, department id
Error at Command Line : 1 Column : 89
Error report -
SQL Error: ORA-00920: invalid relational operator
00920. 00000 -  "invalid relational operator"
*Cause:    




SQL> select first_name, department_name, from employees, departments where employees, departmen_id = departments, department_id;
Error starting at line : 1 in command -
select first_name, department_name, from employees, departments where employees, departmen_id = departments, department_id
Error at Command Line : 1 Column : 37
Error report -
SQL Error: ORA-00936: missing expression
00936. 00000 -  "missing expression"
*Cause:    



SQL> select first_name, department_name, location from employees, departments where employees, departmen_id = departments, department_id;
Error starting at line : 1 in command -
select first_name, department_name, location from employees, departments where employees, departmen_id = departments, department_id
Error at Command Line : 1 Column : 89
Error report -
SQL Error: ORA-00920: invalid relational operator
00920. 00000 -  "invalid relational operator"
*Cause:    


SQL> select first_name, department_name, location from employees, departments where employees, departmen_id = departments, department_id;
Error starting at line : 1 in command -
select first_name, department_name, location from employees, departments where employees, departmen_id = departments, department_id
Error at Command Line : 1 Column : 89
Error report -
SQL Error: ORA-00920: invalid relational operator
00920. 00000 -  "invalid relational operator"
*Cause:    







SQL> select first_name, department_name, location_id from employees, departments where employees, departmen_id = departments, department id;
Error starting at line : 1 in command -
select first_name, department_name, location_id from employees, departments where employees, departmen_id = departments, department id
Error at Command Line : 1 Column : 92
Error report -
SQL Error: ORA-00920: invalid relational operator
00920. 00000 -  "invalid relational operator"
*Cause:    
*Action:
SQL> select * from employees;

EMPLOYEE_ID FIRST_NAME           LAST_NAME                 EMAIL                     PHONE_NUMBER         HIRE_DATE JOB_ID         SALARY COMMISSION_PCT MANAGER_ID DEPARTMENT_ID
----------- -------------------- ------------------------- ------------------------- -------------------- --------- ---------- ---------- -------------- ---------- -------------
        100 Steven               King                      SKING                     515.123.4567         17-JUN-87 AD_PRES         24000 NULL           NULL                  90
        101 Neena                Kochhar                   NKOCHHAR                  515.123.4568         21-SEP-89 AD_VP           17000 NULL                  100            90
        102 Lex                  De Haan                   LDEHAAN                   515.123.4569         13-JAN-93 AD_VP           17000 NULL                  100            90
        103 Alexander            Hunold                    AHUNOLD                   590.423.4567         03-JAN-90 IT_PROG          9000 NULL                  102            60
        104 Bruce                Ernst                     BERNST                    590.423.4568         21-MAY-91 IT_PROG          6000 NULL                  103            60
        105 David                Austin                    DAUSTIN                   590.423.4569         25-JUN-97 IT_PROG          4800 NULL                  103            60
        106 Valli                Pataballa                 VPATABAL                  590.423.4560         05-FEB-98 IT_PROG          4800 NULL                  103            60
        107 Diana                Lorentz                   DLORENTZ                  590.423.5567         07-FEB-99 IT_PROG          4200 NULL                  103            60
        108 Nancy                Greenberg                 NGREENBE                  515.124.4569         17-AUG-94 FI_MGR          12000 NULL                  101           100
        109 Daniel               Faviet                    DFAVIET                   515.124.4169         16-AUG-94 FI_ACCOUNT       9000 NULL                  108           100
        110 John                 Chen                      JCHEN                     515.124.4269         28-SEP-97 FI_ACCOUNT       8200 NULL                  108           100
        111 Ismael               Sciarra                   ISCIARRA                  515.124.4369         30-SEP-97 FI_ACCOUNT       7700 NULL                  108           100
        112 Jose Manuel          Urman                     JMURMAN                   515.124.4469         07-MAR-98 FI_ACCOUNT       7800 NULL                  108           100
        113 Luis                 Popp                      LPOPP                     515.124.4567         07-DEC-99 FI_ACCOUNT       6900 NULL                  108           100
        114 Den                  Raphaely                  DRAPHEAL                  515.127.4561         07-DEC-94 PU_MAN          11000 NULL                  100            30
        115 Alexander            Khoo                      AKHOO                     515.127.4562         18-MAY-95 PU_CLERK         3100 NULL                  114            30
        116 Shelli               Baida                     SBAIDA                    515.127.4563         24-DEC-97 PU_CLERK         2900 NULL                  114            30
        117 Sigal                Tobias                    STOBIAS                   515.127.4564         24-JUL-97 PU_CLERK         2800 NULL                  114            30
        118 Guy                  Himuro                    GHIMURO                   515.127.4565         15-NOV-98 PU_CLERK         2600 NULL                  114            30
        119 Karen                Colmenares                KCOLMENA                  515.127.4566         10-AUG-99 PU_CLERK         2500 NULL                  114            30
        120 Matthew              Weiss                     MWEISS                    650.123.1234         18-JUL-96 ST_MAN           8000 NULL                  100            50

EMPLOYEE_ID FIRST_NAME           LAST_NAME                 EMAIL                     PHONE_NUMBER         HIRE_DATE JOB_ID         SALARY COMMISSION_PCT MANAGER_ID DEPARTMENT_ID
----------- -------------------- ------------------------- ------------------------- -------------------- --------- ---------- ---------- -------------- ---------- -------------
        121 Adam                 Fripp                     AFRIPP                    650.123.2234         10-APR-97 ST_MAN           8200 NULL                  100            50
        122 Payam                Kaufling                  PKAUFLIN                  650.123.3234         01-MAY-95 ST_MAN           7900 NULL                  100            50
        123 Shanta               Vollman                   SVOLLMAN                  650.123.4234         10-OCT-97 ST_MAN           6500 NULL                  100            50
        124 Kevin                Mourgos                   KMOURGOS                  650.123.5234         16-NOV-99 ST_MAN           5800 NULL                  100            50
        125 Julia                Nayer                     JNAYER                    650.124.1214         16-JUL-97 ST_CLERK         3200 NULL                  120            50
        126 Irene                Mikkilineni               IMIKKILI                  650.124.1224         28-SEP-98 ST_CLERK         2700 NULL                  120            50
        127 James                Landry                    JLANDRY                   650.124.1334         14-JAN-99 ST_CLERK         2400 NULL                  120            50
        128 Steven               Markle                    SMARKLE                   650.124.1434         08-MAR-00 ST_CLERK         2200 NULL                  120            50
        129 Laura                Bissot                    LBISSOT                   650.124.5234         20-AUG-97 ST_CLERK         3300 NULL                  121            50
        130 Mozhe                Atkinson                  MATKINSO                  650.124.6234         30-OCT-97 ST_CLERK         2800 NULL                  121            50
        131 James                Marlow                    JAMRLOW                   650.124.7234         16-FEB-97 ST_CLERK         2500 NULL                  121            50
        132 TJ                   Olson                     TJOLSON                   650.124.8234         10-APR-99 ST_CLERK         2100 NULL                  121            50
        133 Jason                Mallin                    JMALLIN                   650.127.1934         14-JUN-96 ST_CLERK         3300 NULL                  122            50
        134 Michael              Rogers                    MROGERS                   650.127.1834         26-AUG-98 ST_CLERK         2900 NULL                  122            50
        135 Ki                   Gee                       KGEE                      650.127.1734         12-DEC-99 ST_CLERK         2400 NULL                  122            50
        136 Hazel                Philtanker                HPHILTAN                  650.127.1634         06-FEB-00 ST_CLERK         2200 NULL                  122            50
        137 Renske               Ladwig                    RLADWIG                   650.121.1234         14-JUL-95 ST_CLERK         3600 NULL                  123            50
        138 Stephen              Stiles                    SSTILES                   650.121.2034         26-OCT-97 ST_CLERK         3200 NULL                  123            50
        139 John                 Seo                       JSEO                      650.121.2019         12-FEB-98 ST_CLERK         2700 NULL                  123            50
        140 Joshua               Patel                     JPATEL                    650.121.1834         06-APR-98 ST_CLERK         2500 NULL                  123            50
        141 Trenna               Rajs                      TRAJS                     650.121.8009         17-OCT-95 ST_CLERK         3500 NULL                  124            50

EMPLOYEE_ID FIRST_NAME           LAST_NAME                 EMAIL                     PHONE_NUMBER         HIRE_DATE JOB_ID         SALARY COMMISSION_PCT MANAGER_ID DEPARTMENT_ID
----------- -------------------- ------------------------- ------------------------- -------------------- --------- ---------- ---------- -------------- ---------- -------------
        142 Curtis               Davies                    CDAVIES                   650.121.2994         29-JAN-97 ST_CLERK         3100 NULL                  124            50
        143 Randall              Matos                     RMATOS                    650.121.2874         15-MAR-98 ST_CLERK         2600 NULL                  124            50
        144 Peter                Vargas                    PVARGAS                   650.121.2004         09-JUL-98 ST_CLERK         2500 NULL                  124            50
        145 John                 Russell                   JRUSSEL                   011.44.1344.429268   01-OCT-96 SA_MAN          14000             .4        100            80
        146 Karen                Partners                  KPARTNER                  011.44.1344.467268   05-JAN-97 SA_MAN          13500             .3        100            80
        147 Alberto              Errazuriz                 AERRAZUR                  011.44.1344.429278   10-MAR-97 SA_MAN          12000             .3        100            80
        148 Gerald               Cambrault                 GCAMBRAU                  011.44.1344.619268   15-OCT-99 SA_MAN          11000             .3        100            80
        149 Eleni                Zlotkey                   EZLOTKEY                  011.44.1344.429018   29-JAN-00 SA_MAN          10500             .2        100            80
        150 Peter                Tucker                    PTUCKER                   011.44.1344.129268   30-JAN-97 SA_REP          10000             .3        145            80
        151 David                Bernstein                 DBERNSTE                  011.44.1344.345268   24-MAR-97 SA_REP           9500            .25        145            80
        152 Peter                Hall                      PHALL                     011.44.1344.478968   20-AUG-97 SA_REP           9000            .25        145            80
        153 Christopher          Olsen                     COLSEN                    011.44.1344.498718   30-MAR-98 SA_REP           8000             .2        145            80
        154 Nanette              Cambrault                 NCAMBRAU                  011.44.1344.987668   09-DEC-98 SA_REP           7500             .2        145            80
        155 Oliver               Tuvault                   OTUVAULT                  011.44.1344.486508   23-NOV-99 SA_REP           7000            .15        145            80
        156 Janette              King                      JKING                     011.44.1345.429268   30-JAN-96 SA_REP          10000            .35        146            80
        157 Patrick              Sully                     PSULLY                    011.44.1345.929268   04-MAR-96 SA_REP           9500            .35        146            80
        158 Allan                McEwen                    AMCEWEN                   011.44.1345.829268   01-AUG-96 SA_REP           9000            .35        146            80
        159 Lindsey              Smith                     LSMITH                    011.44.1345.729268   10-MAR-97 SA_REP           8000             .3        146            80
        160 Louise               Doran                     LDORAN                    011.44.1345.629268   15-DEC-97 SA_REP           7500             .3        146            80
        161 Sarath               Sewall                    SSEWALL                   011.44.1345.529268   03-NOV-98 SA_REP           7000            .25        146            80
        162 Clara                Vishney                   CVISHNEY                  011.44.1346.129268   11-NOV-97 SA_REP          10500            .25        147            80

EMPLOYEE_ID FIRST_NAME           LAST_NAME                 EMAIL                     PHONE_NUMBER         HIRE_DATE JOB_ID         SALARY COMMISSION_PCT MANAGER_ID DEPARTMENT_ID
----------- -------------------- ------------------------- ------------------------- -------------------- --------- ---------- ---------- -------------- ---------- -------------
        163 Danielle             Greene                    DGREENE                   011.44.1346.229268   19-MAR-99 SA_REP           9500            .15        147            80
        164 Mattea               Marvins                   MMARVINS                  011.44.1346.329268   24-JAN-00 SA_REP           7200             .1        147            80
        165 David                Lee                       DLEE                      011.44.1346.529268   23-FEB-00 SA_REP           6800             .1        147            80
        166 Sundar               Ande                      SANDE                     011.44.1346.629268   24-MAR-00 SA_REP           6400             .1        147            80
        167 Amit                 Banda                     ABANDA                    011.44.1346.729268   21-APR-00 SA_REP           6200             .1        147            80
        168 Lisa                 Ozer                      LOZER                     011.44.1343.929268   11-MAR-97 SA_REP          11500            .25        148            80
        169 Harrison             Bloom                     HBLOOM                    011.44.1343.829268   23-MAR-98 SA_REP          10000             .2        148            80
        170 Tayler               Fox                       TFOX                      011.44.1343.729268   24-JAN-98 SA_REP           9600             .2        148            80
        171 William              Smith                     WSMITH                    011.44.1343.629268   23-FEB-99 SA_REP           7400            .15        148            80
        172 Elizabeth            Bates                     EBATES                    011.44.1343.529268   24-MAR-99 SA_REP           7300            .15        148            80
        173 Sundita              Kumar                     SKUMAR                    011.44.1343.329268   21-APR-00 SA_REP           6100             .1        148            80
        174 Ellen                Abel                      EABEL                     011.44.1644.429267   11-MAY-96 SA_REP          11000             .3        149            80
        175 Alyssa               Hutton                    AHUTTON                   011.44.1644.429266   19-MAR-97 SA_REP           8800            .25        149            80
        176 Jonathon             Taylor                    JTAYLOR                   011.44.1644.429265   24-MAR-98 SA_REP           8600             .2        149            80
        177 Jack                 Livingston                JLIVINGS                  011.44.1644.429264   23-APR-98 SA_REP           8400             .2        149            80
        178 Kimberely            Grant                     KGRANT                    011.44.1644.429263   24-MAY-99 SA_REP           7000            .15        149 NULL         
        179 Charles              Johnson                   CJOHNSON                  011.44.1644.429262   04-JAN-00 SA_REP           6200             .1        149            80
        180 Winston              Taylor                    WTAYLOR                   650.507.9876         24-JAN-98 SH_CLERK         3200 NULL                  120            50
        181 Jean                 Fleaur                    JFLEAUR                   650.507.9877         23-FEB-98 SH_CLERK         3100 NULL                  120            50
        182 Martha               Sullivan                  MSULLIVA                  650.507.9878         21-JUN-99 SH_CLERK         2500 NULL                  120            50
        183 Girard               Geoni                     GGEONI                    650.507.9879         03-FEB-00 SH_CLERK         2800 NULL                  120            50

EMPLOYEE_ID FIRST_NAME           LAST_NAME                 EMAIL                     PHONE_NUMBER         HIRE_DATE JOB_ID         SALARY COMMISSION_PCT MANAGER_ID DEPARTMENT_ID
----------- -------------------- ------------------------- ------------------------- -------------------- --------- ---------- ---------- -------------- ---------- -------------
        184 Nandita              Sarchand                  NSARCHAN                  650.509.1876         27-JAN-96 SH_CLERK         4200 NULL                  121            50
        185 Alexis               Bull                      ABULL                     650.509.2876         20-FEB-97 SH_CLERK         4100 NULL                  121            50
        186 Julia                Dellinger                 JDELLING                  650.509.3876         24-JUN-98 SH_CLERK         3400 NULL                  121            50
        187 Anthony              Cabrio                    ACABRIO                   650.509.4876         07-FEB-99 SH_CLERK         3000 NULL                  121            50
        188 Kelly                Chung                     KCHUNG                    650.505.1876         14-JUN-97 SH_CLERK         3800 NULL                  122            50
        189 Jennifer             Dilly                     JDILLY                    650.505.2876         13-AUG-97 SH_CLERK         3600 NULL                  122            50
        190 Timothy              Gates                     TGATES                    650.505.3876         11-JUL-98 SH_CLERK         2900 NULL                  122            50
        191 Randall              Perkins                   RPERKINS                  650.505.4876         19-DEC-99 SH_CLERK         2500 NULL                  122            50
        192 Sarah                Bell                      SBELL                     650.501.1876         04-FEB-96 SH_CLERK         4000 NULL                  123            50
        193 Britney              Everett                   BEVERETT                  650.501.2876         03-MAR-97 SH_CLERK         3900 NULL                  123            50
        194 Samuel               McCain                    SMCCAIN                   650.501.3876         01-JUL-98 SH_CLERK         3200 NULL                  123            50
        195 Vance                Jones                     VJONES                    650.501.4876         17-MAR-99 SH_CLERK         2800 NULL                  123            50
        196 Alana                Walsh                     AWALSH                    650.507.9811         24-APR-98 SH_CLERK         3100 NULL                  124            50
        197 Kevin                Feeney                    KFEENEY                   650.507.9822         23-MAY-98 SH_CLERK         3000 NULL                  124            50
        198 Donald               OConnell                  DOCONNEL                  650.507.9833         21-JUN-99 SH_CLERK         2600 NULL                  124            50
        199 Douglas              Grant                     DGRANT                    650.507.9844         13-JAN-00 SH_CLERK         2600 NULL                  124            50
        200 Jennifer             Whalen                    JWHALEN                   515.123.4444         17-SEP-87 AD_ASST          4400 NULL                  101            10
        201 Michael              Hartstein                 MHARTSTE                  515.123.5555         17-FEB-96 MK_MAN          13000 NULL                  100            20
        202 Pat                  Fay                       PFAY                      603.123.6666         17-AUG-97 MK_REP           6000 NULL                  201            20
        203 Susan                Mavris                    SMAVRIS                   515.123.7777         07-JUN-94 HR_REP           6500 NULL                  101            40
        204 Hermann              Baer                      HBAER                     515.123.8888         07-JUN-94 PR_REP          10000 NULL                  101            70

EMPLOYEE_ID FIRST_NAME           LAST_NAME                 EMAIL                     PHONE_NUMBER         HIRE_DATE JOB_ID         SALARY COMMISSION_PCT MANAGER_ID DEPARTMENT_ID
----------- -------------------- ------------------------- ------------------------- -------------------- --------- ---------- ---------- -------------- ---------- -------------
        205 Shelley              Higgins                   SHIGGINS                  515.123.8080         07-JUN-94 AC_MGR          12000 NULL                  101           110
        206 William              Gietz                     WGIETZ                    515.123.8181         07-JUN-94 AC_ACCOUNT       8300 NULL                  205           110

107 rows selected. 


SQL> select first_name, job_id, location from employees, departments
  2  where employees,
  3* department_id=departments, department_id;
Error starting at line : 1 in command -
select first_name, job_id, location from employees, departments
where employees,
department_id=departments, department_id
Error at Command Line : 2 Column : 16
Error report -
SQL Error: ORA-00920: invalid relational operator
00920. 00000 -  "invalid relational operator"



SQL> select first_name, job_id, location from employees, departments
  2  where employees,
  3* department_id=departments, department_id;
Error starting at line : 1 in command -
select first_name, job_id, location from employees, departments
where employees,
department_id=departments, department_id
Error at Command Line : 2 Column : 16
Error report -
SQL Error: ORA-00920: invalid relational operator
00920. 00000 -  "invalid relational operator"
*Cause:    
*Action:
SQL> describe product;

ERROR:
ORA-04043: object product does not exist
SQL> describe sales;
Name  Null? Type        
----- ----- ----------- 
PID         NUMBER(3)   
QTY         NUMBER(3)   
PRICE       NUMBER(5,2) 
DATE1       DATE        
SQL> describe products;
Name Null? Type      
---- ----- --------- 
SID        NUMBER(3) 
PID        NUMBER(3) 
NAME       CHAR(10)  
SQL> sysdate'

Error starting at line : 1 in command -
sysdate'
Error report -
Unknown Command

SQL> sysdate;

Error starting at line : 1 in command -
sysdate
Error report -
Unknown Command

SQL> 
SQL> 
SQL> 
SQL> 
SQL> 
SQL> 
SQL> 
SQL> 
SQL> 
SQL> 
SQL> 
SQL> 
SQL> 
SQL> 
SQL> 
SQL> 
SQL> 
SQL> 
SQL> 
SQL> 
SQL> 
SQL> 
SQL> 
SQL> 
SQL> 
SQL> 
SQL> select * from products;


SQL> select (*) from products;
Error starting at line : 1 in command -
select (*) from products
Error at Command Line : 1 Column : 9
Error report -
SQL Error: ORA-00936: missing expression
00936. 00000 -  "missing expression"
*Cause:    


SQL> select * from school2;
     REGNO NAME                      MARKS
---------- -------------------- ----------
        46 paul                         70
        50 regev                         1
        51 Newt                         99
         1 halts                        85
         2 Tino                        100

SQL> select*from products;




SQL> select*from asda;
PRODUCT              PRICE_PURCHASED PRICE_SOLD QTY_PURCHASED   QTY_SOLD
-------------------- --------------- ---------- ------------- ----------
7up                               .5         .9           100         80
cola                              .6          1           100         70
cake                               1          2           110        100

SQL> insert into products values(10,101,'7up');

1 row inserted.


SQL> insert into products values(10,102,'Coke');
1 row inserted.


SQL> insert into sales values(101,2,1,sysdate);
1 row inserted.


SQL> insert into sales values(102,1,1,sysdate);
1 row inserted.

SQL> select*from sales;

       PID        QTY      PRICE DATE1    
---------- ---------- ---------- ---------
       101          2          1 21-MAY-19
       102          1          1 21-MAY-19

SQL> select*from products;

       SID        PID NAME      
---------- ---------- ----------
        10        101 7up       
        10        102 Coke      


SQL> select count(*) from products where sid in (select sid from subcategory where cid=(select cid from category where description='food'));
  COUNT(*)
----------
         0


SQL> select count(*) from products where sid in (select sid from subcategory where cid=(select cid from category where description='food'));

  COUNT(*)
----------
         0


SQL> select count(*) from products where pid in (select pid from sales where pid=(select pid from category where name='7up'));
  COUNT(*)
----------
         0


SQL> select count(*) from sales where pid in (select pid from sales where pid=(select pid from category where name='7up'));
Error starting at line : 1 in command -
select count(*) from sales where pid in (select pid from sales where pid=(select pid from category where name='7up'))
Error at Command Line : 1 Column : 106
Error report -
SQL Error: ORA-00904: "NAME": invalid identifier
00904. 00000 -  "%s: invalid identifier"
*Cause:    


SQL> select count(*) from sales where pid in (select pid from sales where pid=(select pid from products where name='7up'));
  COUNT(*)
----------
         1


SQL> select count(*) from sales where pid in (select pid from sales where pid=(select pid from products where name='7up'));
  COUNT(*)
----------
         1

SQL> select name from products where pid = (select pid from sales group by pid having count(*) = (select max(coundt(*)) from sales group by pid));

Error starting at line : 1 in command -
select name from products where pid = (select pid from sales group by pid having count(*) = (select max(coundt(*)) from sales group by pid))
Error at Command Line : 1 Column : 112
Error report -
SQL Error: ORA-00936: missing expression
00936. 00000 -  "missing expression"
*Cause:    


SQL> select name from products where pid = (select pid from sales group by pid having count(*) = (select max(count(*)) from sales group by pid));
Error starting at line : 1 in command -
select name from products where pid = (select pid from sales group by pid having count(*) = (select max(count(*)) from sales group by pid))
Error report -
ORA-01427: single-row subquery returns more than one row


SQL> select name from products where pid = (select pid from sales group by pid having count(*) = (select max(count(*)) from sales group by pid));

Error starting at line : 1 in command -
select name from products where pid = (select pid from sales group by pid having count(*) = (select max(count(*)) from sales group by pid))
Error report -
ORA-01427: single-row subquery returns more than one row

SQL> select * from products;

       SID        PID NAME      
---------- ---------- ----------
        10        101 7up       
        10        102 Coke      

SQL> select * from sales;

       PID        QTY      PRICE DATE1    
---------- ---------- ---------- ---------
       101          2          1 21-MAY-19
       102          1          1 21-MAY-19

SQL> insert into sales (101,1,sysdate);

Error starting at line : 1 in command -
insert into sales (101,1,sysdate)
Error at Command Line : 1 Column : 20
Error report -
SQL Error: ORA-00928: missing SELECT keyword
00928. 00000 -  "missing SELECT keyword"
*Cause:    


SQL> insert into sales values (101,1,sysdate);
Error starting at line : 1 in command -
insert into sales values (101,1,sysdate)
Error at Command Line : 1 Column : 13
Error report -
SQL Error: ORA-00947: not enough values
00947. 00000 -  "not enough values"
*Cause:    


SQL> insert into sales values (101,1,0.75,sysdate);
1 row inserted.


SQL> select name from products where pid = (select pid from sales group by pid having count(*) = (select max(count(*)) from sales group by pid));

NAME
----------
7up       

SQL> 

