Error starting at line : 1 in command -
select or replace procedure record (R number, N number, M number)
is
begin
insert into school values(R,N,M)
end
Error at Command Line : 1 Column : 8
Error report -





SQL> select or replace procedure record (R number, N number, M number)
  2  is
  3  begin
  4  insert into school values(R,N,M)
  5* end;

Error starting at line : 1 in command -
select or replace procedure record (R number, N number, M number)
is
begin
insert into school values(R,N,M)
end
Error at Command Line : 1 Column : 8
Error report -






SQL> select or replace procedure record (R number, N number, M number)
  2  is
  3  begin
  4* insert into school2 values(R,N,M);
Error starting at line : 1 in command -
select or replace procedure record (R number, N number, M number)
is
begin
insert into school2 values(R,N,M)
Error at Command Line : 1 Column : 8
Error report -
SQL Error: ORA-00936: missing expression






SQL> select or replace procedure record (R number, N number, M number)
  2  is
  3  begin
  4* insert into school2 values(R,N,M);

Error starting at line : 1 in command -
select or replace procedure record (R number, N number, M number)
is
begin
insert into school2 values(R,N,M)
Error at Command Line : 1 Column : 8
Error report -
SQL Error: ORA-00936: missing expression




SQL> select or replace procedure record (R number, N number, M number)
  2  is
  3  begin
  4* insert into school2 values(R,N,M);

Error starting at line : 1 in command -
select or replace procedure record (R number, N number, M number)
is
begin
insert into school2 values(R,N,M)
Error at Command Line : 1 Column : 8
Error report -
SQL Error: ORA-00936: missing expression




SQL> select or replace procedure record (R number, N number, M number)
  2  is
  3  begin
  4  insert into school2 values(R,N,M);
  5  end;
  6* /
Error starting at line : 1 in command -
select or replace procedure record (R number, N number, M number)
is
begin
insert into school2 values(R,N,M)
Error at Command Line : 1 Column : 8
Error report -
SQL Error: ORA-00936: missing expression
00936. 00000 -  "missing expression"
*Cause:    
*Action:

Error starting at line : 1 in command -
end
Error report -
Unknown Command


Error starting at line : 1 in command -
select or replace procedure record (R number, N number, M number)
is
begin
insert into school2 values(R,N,M)
Error at Command Line : 1 Column : 8
Error report -
SQL Error: ORA-00936: missing expression





SQL> create or replace procedure record (R number, N number, M number)
  2  is
  3  begin







SQL> create or replace procedure createbankaccount (name char, postcode char, actype, char, city char)
  2  is
  3  begin
  4  insert into bank values((select upper(substr(actype,1,1)|| upper(subtr(city,1,1)|| lpad(nvl(max(substr(accno,3,3))+1,1)3,'0')) from bank where substr(accno,1,1)=upper(substr(actype,1,1)),name, postcode)
  5  end;
  7* /
Procedure CREATEBANKACCOUNT compiled

Errors: check compiler log
SQL> show errors

Errors for PROCEDURE HR.CREATEBANKACCOUNT:

LINE/COL ERROR
-------- -----------------------------------------------------------------------------------------
1/62     PLS-00103: Encountered the symbol "," when expecting one of the following:
         
         in out <an identifier> <a double-quoted delimited-identifier>
         ... long double ref char time timestamp interval date binary
         national character nchar
         The symbol "," was ignored.
         
4/26     PLS-00103: Encountered the symbol "SELECT" when expecting one of the following:
         
         ( - + case mod new not null <an identifier>
         <a double-quoted delimited-identifier> <a bind variable>
         continue avg count current exists max min prior sql stddev
         sum variance execute forall merge time timestamp interval
         date <a string literal with character set specification>
         <a number> <a single-quoted SQL string> pipe
         <an alternatively-quoted string literal with character set specification>
         <an alternat
4/120    PLS-00103: Encountered the symbol "3" when expecting one of the following:
         
         . ( ) , * % & = - + < / > at in is mod remainder not rem =>
         <an exponent (**)> <> or != or ~= >= <= <> and or like like2
         like4 likec as between from using || multiset member
         submultiset
         The symbol "(" was substituted for "3" to continue.
         
4/138    PLS-00103: Encountered the symbol "WHERE" when expecting one of the following:
         
         . ( ) * @ % & - + / at mod remainder rem <an exponent (**)>
         || multiset
         
4/187    PLS-00103: Encountered the symbol "," when expecting one of the following:






SQL> create or replace procedure createbankaccount (name char, postcode char, actype char, city char)
  2  is
  3  begin
  4  insert into bank values((select upper(substr(actype,1,1)|| upper(subtr(city,1,1)|| lpad(nvl(max(substr(accno,3,3))+1,1)3,'0')) from bank where substr(accno,1,1)=upper(substr(actype,1,1)),name, postcode)
  5  end;
  7* /
Procedure CREATEBANKACCOUNT compiled

Errors: check compiler log
SQL> show errors

Errors for PROCEDURE HR.CREATEBANKACCOUNT:

LINE/COL ERROR
-------- ----------------------------------------------------------
4/1      PL/SQL: SQL Statement ignored
4/1      PL/SQL: ORA-00921: unexpected end of SQL command
SQL> create or replace procedure CreateBankAccount(Name char, City char, ActType char)


Procedure CREATEBANKACCOUNT compiled

Errors: check compiler log
SQL> is

Error starting at line : 1 in command -
is
Error report -
Unknown Command

SQL> begin
  2  insert into bank values (( select upper(substr(ActType,1,1))||upper(substr(City,1,1))||lpad(nvl(max(substr(accno,3,3))+1,1),3,'0') from bank where substr(accno,1,1)=upper(substr(ActType,1,1))),Name,City);
  3  end;
  4  /
May 22, 2019 9:48:49 AM oracle.dbtools.raptor.newscriptrunner.ScriptExecutor run
SEVERE: java.lang.String.substring(String.java:1963)
java.lang.StringIndexOutOfBoundsException: String index out of range: 550
	at java.lang.String.substring(String.java:1963)
	at oracle.dbtools.raptor.newscriptrunner.PLSQL.adjustColError(PLSQL.java:191)
	at oracle.dbtools.raptor.newscriptrunner.PLSQL.handleException(PLSQL.java:116)
	at oracle.dbtools.raptor.newscriptrunner.PLSQL.run(PLSQL.java:87)
	at oracle.dbtools.raptor.newscriptrunner.ScriptRunner.runPLSQL(ScriptRunner.java:324)
	at oracle.dbtools.raptor.newscriptrunner.ScriptRunner.run(ScriptRunner.java:220)
	at oracle.dbtools.raptor.newscriptrunner.ScriptExecutor.run(ScriptExecutor.java:331)
	at oracle.dbtools.raptor.newscriptrunner.ScriptExecutor.run(ScriptExecutor.java:221)
	at oracle.dbtools.raptor.scriptrunner.cmdline.SqlCli.process(SqlCli.java:328)
	at oracle.dbtools.raptor.scriptrunner.cmdline.SqlCli.processLine(SqlCli.java:335)
	at oracle.dbtools.raptor.scriptrunner.cmdline.SqlCli.startSQLPlus(SqlCli.java:966)
	at oracle.dbtools.raptor.scriptrunner.cmdline.SqlCli.main(SqlCli.java:391)

SQL> create or replace procedure CreateBankAccount(Name char, City char, ActType char)
  2  is
  3  begin
  4  insert into bank values (( select upper(substr(ActType,1,1))||upper(substr(City,1,1))||lpad(nvl(max(substr(accno,3,3))+1,1),3,'0') from bank where substr(accno,1,1)=upper(substr(ActType,1,1))),Name,City);
  5  end;
  6  /

Procedure CREATEBANKACCOUNT compiled

Errors: check compiler log
SQL> show errors

Errors for PROCEDURE HR.CREATEBANKACCOUNT:

LINE/COL ERROR
-------- --------------------------------------------------------
4/1      PL/SQL: SQL Statement ignored
4/155    PL/SQL: ORA-00904: "ACCNO": invalid identifier
SQL> select * from bank;

ACNO  NAME       ADDRESS   
----- ---------- ----------
sm001 James      Manchester
sm002 James      Manchester
sm003 James      Manchester
sm004 James      Manchester
sm005 James      Manchester
sm006 James      Manchester
sm007 James      Manchester
sm008 James      Manchester
sm009 James      Manchester
sm010 James      Manchester
sm011 James      Manchester
sm012 James      Manchester
sm013 James      Manchester
sm014 James      Manchester






SQL> create or replace procedure CreateBankAccount(Name char, City char, ActType char)
  2  is
  3  begin
  4  insert into bank values (( select upper(substr(ActType,1,1))||upper(substr(City,1,1))||lpad(nvl(max(substr(acno,3,3))+1,1),3,'0') from bank where substr(acno,1,1)=upper(substr(ActType,1,1))),Name,City);
  5  end;
  6* /
Procedure CREATEBANKACCOUNT compiled

SQL> show error
No errors.
SQL> call CreateBankAccount(Garry,Swindon,Savings);

Error starting at line : 1 in command -
call CreateBankAccount(Garry,Swindon,Savings)
Error report -
ORA-06576: not a valid function or procedure name
06576. 00000 -  "not a valid function or procedure name"
*Cause:    Could not find a function (if an INTO clause was present) or
           a procedure (if the statement did not have an INTO clause) to
           call.


SQL> call CreateBankAccount(Garry,Swin,Savings);
Error starting at line : 1 in command -
call CreateBankAccount(Garry,Swin,Savings)
Error report -
ORA-06576: not a valid function or procedure name
06576. 00000 -  "not a valid function or procedure name"










SQL> call createbankaccount('garry','swindon','savings');
Call completed.

SQL> call createbankaccount('Micheal,'swindon','savings');

Error starting at line : 1 in command -
call createbankaccount('Micheal,'swindon','savings')
Error report -
ORA-01756: quoted string not properly terminated
01756. 00000 -  "quoted string not properly terminated"
*Cause:    


SQL> call createbankaccount('Micheal','swindon','savings');
Call completed.

SQL> select*from bank;

ACNO  NAME       ADDRESS   
----- ---------- ----------
SS001 garry      swindon   
SS002 Micheal    swindon   
sm001 James      Manchester
sm002 James      Manchester
sm003 James      Manchester
sm004 James      Manchester
sm005 James      Manchester
sm006 James      Manchester
sm007 James      Manchester
sm008 James      Manchester
sm009 James      Manchester
sm010 James      Manchester
sm011 James      Manchester
sm012 James      Manchester
sm013 James      Manchester
sm014 James      Manchester
sm015 James      Manchester

17 rows selected. 

SQL> 



SQL> create or replace procedure firstprocedure is begin dbms_output.put_line('hello');
  2   end;
  3* /
Procedure FIRSTPROCEDURE compiled

SQL> call firstprocedure();

Call completed.

SQL> show errors
No errors.
SQL> set serverouput on;



SQL> create or replace procedure firstprocedure 
  2  is 
  3  begin 
  4  dbms_output.put_line('hello');
  5   end;
  6* /
Procedure FIRSTPROCEDURE compiled

SQL> call firstprocedure();
hello





SQL> create or replace procedure firstprocedure 
  2  is 
  3  begin 
  4  dbms_output.put_line('hello');
  5  dbms_output.put_line('Lucadose');
  6   end;
  7* /
Procedure FIRSTPROCEDURE compiled

SQL> call firstprocedure;

Error starting at line : 1 in command -
call firstprocedure
Error report -
ORA-06576: not a valid function or procedure name












SQL> call firstprocedure();
hello
Lucadose


Call completed.

SQL> create or replace procedure addition
  2  is
  3  A number(3);
  4  B number(3);
  5  C number(3);
  6  begin
  7  A:=15;
  8  B:=20;
  9  C:=A+B;
 10  dbms_output.put_line('the result')
 11  dbms_output.put_line(c);
 12  end;
 13  /

Procedure ADDITION compiled

Errors: check compiler log












SQL> create or replace procedure addition
  2  is
  3  A number(3);
  4  B number(3);
  5  C number(3);
  6  begin
  7  A:=15;
  8  B:=20;
  9  C:=A+B;
 10  dbms_output.put_line('the result');
 11  dbms_output.put_line(c);

















SQL> create or replace procedure addition2 (A number, B number, C number) 
  2  is
  3  Result number(3);
  4  begin
  5  result:=A+B+C;
  6  dbms_output.put_line('Result is'|| Result );
  7  end;
  8* /
Procedure ADDITION2 compiled

SQL> call addition2(6,9,8);
Result is23


Call completed.

SQL> call addition2(3,9,10);
Result is22


Call completed.

SQL> call addition2(10,10,10);
Result is30


Call completed.

SQL> 
Errors: check compiler log
SQL> show errors

Errors for PROCEDURE HR.CREATEBANKACCOUNT:

LINE/COL ERROR
-------- ----------------------------------------------------------
4/1      PL/SQL: SQL Statement ignored
4/1      PL/SQL: ORA-00921: unexpected end of SQL command
SQL> create or replace procedure CreateBankAccount(Name char, City char, ActType char)


Procedure CREATEBANKACCOUNT compiled

Errors: check compiler log
SQL> is

Error starting at line : 1 in command -
is
Error report -
Unknown Command

SQL> begin
  2  insert into bank values (( select upper(substr(ActType,1,1))||upper(substr(City,1,1))||lpad(nvl(max(substr(accno,3,3))+1,1),3,'0') from bank where substr(accno,1,1)=upper(substr(ActType,1,1))),Name,City);
  3  end;
  4  /
May 22, 2019 9:48:49 AM oracle.dbtools.raptor.newscriptrunner.ScriptExecutor run
SEVERE: java.lang.String.substring(String.java:1963)
java.lang.StringIndexOutOfBoundsException: String index out of range: 550
	at java.lang.String.substring(String.java:1963)
	at oracle.dbtools.raptor.newscriptrunner.PLSQL.adjustColError(PLSQL.java:191)
	at oracle.dbtools.raptor.newscriptrunner.PLSQL.handleException(PLSQL.java:116)
	at oracle.dbtools.raptor.newscriptrunner.PLSQL.run(PLSQL.java:87)
	at oracle.dbtools.raptor.newscriptrunner.ScriptRunner.runPLSQL(ScriptRunner.java:324)
	at oracle.dbtools.raptor.newscriptrunner.ScriptRunner.run(ScriptRunner.java:220)
	at oracle.dbtools.raptor.newscriptrunner.ScriptExecutor.run(ScriptExecutor.java:331)
	at oracle.dbtools.raptor.newscriptrunner.ScriptExecutor.run(ScriptExecutor.java:221)
	at oracle.dbtools.raptor.scriptrunner.cmdline.SqlCli.process(SqlCli.java:328)
	at oracle.dbtools.raptor.scriptrunner.cmdline.SqlCli.processLine(SqlCli.java:335)
	at oracle.dbtools.raptor.scriptrunner.cmdline.SqlCli.startSQLPlus(SqlCli.java:966)
	at oracle.dbtools.raptor.scriptrunner.cmdline.SqlCli.main(SqlCli.java:391)

SQL> create or replace procedure CreateBankAccount(Name char, City char, ActType char)
  2  is
  3  begin
  4  insert into bank values (( select upper(substr(ActType,1,1))||upper(substr(City,1,1))||lpad(nvl(max(substr(accno,3,3))+1,1),3,'0') from bank where substr(accno,1,1)=upper(substr(ActType,1,1))),Name,City);
  5  end;
  6  /

Procedure CREATEBANKACCOUNT compiled

Errors: check compiler log
SQL> show errors

Errors for PROCEDURE HR.CREATEBANKACCOUNT:

LINE/COL ERROR
-------- --------------------------------------------------------
4/1      PL/SQL: SQL Statement ignored
4/155    PL/SQL: ORA-00904: "ACCNO": invalid identifier
SQL> select * from bank;

ACNO  NAME       ADDRESS   
----- ---------- ----------
sm001 James      Manchester
sm002 James      Manchester
sm003 James      Manchester
sm004 James      Manchester
sm005 James      Manchester
sm006 James      Manchester
sm007 James      Manchester
sm008 James      Manchester
sm009 James      Manchester
sm010 James      Manchester
sm011 James      Manchester
sm012 James      Manchester
sm013 James      Manchester
sm014 James      Manchester






SQL> create or replace procedure CreateBankAccount(Name char, City char, ActType char)
  2  is
  3  begin
  4  insert into bank values (( select upper(substr(ActType,1,1))||upper(substr(City,1,1))||lpad(nvl(max(substr(acno,3,3))+1,1),3,'0') from bank where substr(acno,1,1)=upper(substr(ActType,1,1))),Name,City);
  5  end;
  6* /
Procedure CREATEBANKACCOUNT compiled

SQL> show error
No errors.
SQL> call CreateBankAccount(Garry,Swindon,Savings);

Error starting at line : 1 in command -
call CreateBankAccount(Garry,Swindon,Savings)
Error report -
ORA-06576: not a valid function or procedure name
06576. 00000 -  "not a valid function or procedure name"
*Cause:    Could not find a function (if an INTO clause was present) or
           a procedure (if the statement did not have an INTO clause) to
           call.


SQL> call CreateBankAccount(Garry,Swin,Savings);
Error starting at line : 1 in command -
call CreateBankAccount(Garry,Swin,Savings)
Error report -
ORA-06576: not a valid function or procedure name
06576. 00000 -  "not a valid function or procedure name"










SQL> call createbankaccount('garry','swindon','savings');
Call completed.

SQL> call createbankaccount('Micheal,'swindon','savings');

Error starting at line : 1 in command -
call createbankaccount('Micheal,'swindon','savings')
Error report -
ORA-01756: quoted string not properly terminated
01756. 00000 -  "quoted string not properly terminated"
*Cause:    


SQL> call createbankaccount('Micheal','swindon','savings');
Call completed.

SQL> select*from bank;

ACNO  NAME       ADDRESS   
----- ---------- ----------
SS001 garry      swindon   
SS002 Micheal    swindon   
sm001 James      Manchester
sm002 James      Manchester
sm003 James      Manchester
sm004 James      Manchester
sm005 James      Manchester
sm006 James      Manchester
sm007 James      Manchester
sm008 James      Manchester
sm009 James      Manchester
sm010 James      Manchester
sm011 James      Manchester
sm012 James      Manchester
sm013 James      Manchester
sm014 James      Manchester
sm015 James      Manchester

17 rows selected. 

SQL> call createbankaccoun('Arun','london','savings');
Error starting at line : 1 in command -
call createbankaccoun('Arun','london','savings')
Error report -
ORA-06576: not a valid function or procedure name
06576. 00000 -  "not a valid function or procedure name"
*Cause:    Could not find a function (if an INTO clause was present) or
           a procedure (if the statement did not have an INTO clause) to
           call.


SQL> call createbankaccount('Arun','london','savings');
Call completed.

SQL> create or replace procedure employee_info(empno, number)
  2  is
  3  Fname char(20);
  4  Lname char(20);
  5  Sal number(5);
  6  begin
  7  select first_name, last_name, salary into Fname, Lname, Sal from employees
  8  where employee_id=empno;
  9  dbms_output.put_line(Fname);
 10  dbms_output.put_line(Lname);
 11  dbms_output.put_line(Sal);
 12  end;
 13* /



SQL> call createbankaccount('Julia','london','savings');
Call completed.


SQL> call createbankaccount('Julia','Manchester','savings');
Call completed.

SQL> select*from bank;

ACNO  NAME       ADDRESS   
----- ---------- ----------
SS001 garry      swindon   
SS002 Micheal    swindon   
SL003 Arun       london    
SL004 Julia      london    
SM005 Julia      Manchester
sm001 James      Manchester
sm002 James      Manchester
sm003 James      Manchester
sm004 James      Manchester
sm005 James      Manchester
sm006 James      Manchester
sm007 James      Manchester
sm008 James      Manchester
sm009 James      Manchester
sm010 James      Manchester
sm011 James      Manchester
sm012 James      Manchester
sm013 James      Manchester
sm014 James      Manchester
sm015 James      Manchester

20 rows selected. 

SQL> 

SQL> create or replace procedure CategoryEntry(Cat Char, Sub Char)
  2  is
  3  NewCID Number(3);
  4  NewSID Number(3);
  5  begin
  6  Select NVL(Max(CID),0) into NewCID
  7  From Category where Description=cat;
  8  
  9  If NewCID=0 then
 10  Select NVL(Max(CID),0)+1 into NewCID
 11  From Category;
 12  Insert into Category values(NewCID, Cat);
 13  End If;
 14  
 15  select NVL(Max(SID),0)+1 into NewSID
 16  From Subcategory;
 17  Insert into subcategory values(NewCID,NewSID,Sub);
 18  End;
 19* /
Procedure CATEGORYENTRY compiled

SQL> create or replace function tax(s number)
  2  return number
  3  is
  4  result number(7,2);
  5  begin
  6  result:= s *21/100;
  7  return result;
  8  end;
  9* /
Function TAX compiled

SQL> select first_name,Salary,Tax(Salary) as "Tax",Salary-Tax(Salary) as "Total Salary" from employees;

FIRST_NAME               SALARY        Tax Total Salary
-------------------- ---------- ---------- ------------
Steven                    24000       5040        18960
Neena                     17000       3570        13430
Lex                       17000       3570        13430
Alexander                  9000       1890         7110
Bruce                      6000       1260         4740
David                      4800       1008         3792
Valli                      4800       1008         3792
Diana                      4200        882         3318
Nancy                     12000       2520         9480
Daniel                     9000       1890         7110
John                       8200       1722         6478
Ismael                     7700       1617         6083
Jose Manuel                7800       1638         6162
Luis                       6900       1449         5451
Den                       11000       2310         8690
Alexander                  3100        651         2449
Shelli                     2900        609         2291
Sigal                      2800        588         2212
Guy                        2600        546         2054
Karen                      2500        525         1975
Matthew                    8000       1680         6320

FIRST_NAME               SALARY        Tax Total Salary
-------------------- ---------- ---------- ------------
Adam                       8200       1722         6478
Payam                      7900       1659         6241
Shanta                     6500       1365         5135
Kevin                      5800       1218         4582
Julia                      3200        672         2528
Irene                      2700        567         2133
James                      2400        504         1896
Steven                     2200        462         1738
Laura                      3300        693         2607
Mozhe                      2800        588         2212
James                      2500        525         1975
TJ                         2100        441         1659
Jason                      3300        693         2607
Michael                    2900        609         2291
Ki                         2400        504         1896
Hazel                      2200        462         1738
Renske                     3600        756         2844
Stephen                    3200        672         2528
John                       2700        567         2133
Joshua                     2500        525         1975
Trenna                     3500        735         2765

FIRST_NAME               SALARY        Tax Total Salary
-------------------- ---------- ---------- ------------
Curtis                     3100        651         2449
Randall                    2600        546         2054
Peter                      2500        525         1975
John                      14000       2940        11060
Karen                     13500       2835        10665
Alberto                   12000       2520         9480
Gerald                    11000       2310         8690
Eleni                     10500       2205         8295
Peter                     10000       2100         7900
David                      9500       1995         7505
Peter                      9000       1890         7110
Christopher                8000       1680         6320
Nanette                    7500       1575         5925
Oliver                     7000       1470         5530
Janette                   10000       2100         7900
Patrick                    9500       1995         7505
Allan                      9000       1890         7110
Lindsey                    8000       1680         6320
Louise                     7500       1575         5925
Sarath                     7000       1470         5530
Clara                     10500       2205         8295

FIRST_NAME               SALARY        Tax Total Salary
-------------------- ---------- ---------- ------------
Danielle                   9500       1995         7505
Mattea                     7200       1512         5688
David                      6800       1428         5372
Sundar                     6400       1344         5056
Amit                       6200       1302         4898
Lisa                      11500       2415         9085
Harrison                  10000       2100         7900
Tayler                     9600       2016         7584
William                    7400       1554         5846
Elizabeth                  7300       1533         5767
Sundita                    6100       1281         4819
Ellen                     11000       2310         8690
Alyssa                     8800       1848         6952
Jonathon                   8600       1806         6794
Jack                       8400       1764         6636
Kimberely                  7000       1470         5530
Charles                    6200       1302         4898
Winston                    3200        672         2528
Jean                       3100        651         2449
Martha                     2500        525         1975
Girard                     2800        588         2212

FIRST_NAME               SALARY        Tax Total Salary
-------------------- ---------- ---------- ------------
Nandita                    4200        882         3318
Alexis                     4100        861         3239
Julia                      3400        714         2686
Anthony                    3000        630         2370
Kelly                      3800        798         3002
Jennifer                   3600        756         2844
Timothy                    2900        609         2291
Randall                    2500        525         1975
Sarah                      4000        840         3160
Britney                    3900        819         3081
Samuel                     3200        672         2528
Vance                      2800        588         2212
Alana                      3100        651         2449
Kevin                      3000        630         2370
Donald                     2600        546         2054
Douglas                    2600        546         2054
Jennifer                   4400        924         3476
Michael                   13000       2730        10270
Pat                        6000       1260         4740
Susan                      6500       1365         5135
Hermann                   10000       2100         7900

FIRST_NAME               SALARY        Tax Total Salary
-------------------- ---------- ---------- ------------
Shelley                   12000       2520         9480
William                    8300       1743         6557

107 rows selected.

SQL> create or replace function DName(D Number)
  2  Return Char
  3  Is
  4  DName departments.department_name%type;
  5  Begin
  6  Select department_name into DName from departments
  7  Where department_id=D;
  8  Return DName;
  9  End;
 10* /
Function DNAME compiled

SQL> create or replace function tax2(s number)
  2  return number
  3  is
  4  result number(7,2);
  5  begin
  6  if s<=500 then result:=0;
  7  end if;
  8  if s500 and s<1000 then result:=s*15/100
  9  end if;
 10  if s>1000 then reult:=s*21/100;
 11  end if;
 12  return result;
 13  end;
 14  /

Function TAX2 compiled

Errors: check compiler log
SQL> show errors

Errors for FUNCTION HR.TAX2:

LINE/COL ERROR
-------- --------------------------------------------------------------------------------------
9/1      PLS-00103: Encountered the symbol "END" when expecting one of the following:
         
         * & = - + ; < / > at in is mod remainder not rem
         <an exponent (**)> <> or != or ~= >= <= <> and or like like2
         like4 likec between || member submultiset
         The symbol ";" was substituted for "END" to continue.

SQL> create or replace function tax2(s number)
  2  return number
  3  is
  4  result number(7,2);
  5  begin
  6  if s<=500 then result:=0;
  7  end if;
  8  if s>500 and s<1000 then result:=s*15/100
  9  end if;
 10  if s>1000 then result:=s*21/100;
 11  end if;
 12  return result;ser
 13  end;
 14* /
Function TAX2 compiled

SQL> set serveroutput on;
SQL> select* from school2;

     REGNO NAME                      MARKS
---------- -------------------- ----------
        46 paul                         70
        50 regev                         1
        51 Newt                         99
         1 halts                        85
         2 Tino                        100

SQL> delete from school2;
a you sure you would like to delete


5 rows deleted.

SQL> create or replace trigger remove
  2  after delete on school2
  3  for each row

SQL> create or replace trigger remove
  2  after delete on school2
  3  for each row
  4  begin
  5  dbms_output.put_line('Items deleted');
  6  end;
  7* /
Trigger REMOVE compiled

SQL> delete from school2;
Items deleted
Items deleted
Items deleted
Items deleted
Items deleted


5 rows deleted.

SQL> 

SQL> delete from school2;
Error starting at line : 1 in command -
delete from school2
Error report -
ORA-12899: value too large for column "HR"."BACKUP_SCHOOL2"."NAME" (actual: 20,
maximum: 10)
ORA-06512: at "HR.TAKEBACKUP2", line 2
ORA-04088: error during execution of trigger 'HR.TAKEBACKUP2'









SQL> drop trigger takebackup2;
Trigger TAKEBACKUP2 dropped.



 

